Archive member included to satisfy reference by file (symbol)

c:/program files (x86)/atmel/studio/7.0/toolchain/avr8/avr8-gnu-toolchain/bin/../lib/gcc/avr/5.4.0/../../../../avr/lib/avr5\libm.a(addsf3.o)
                              HAL/Atmega32a lcd/Lcd-Driver.o (__subsf3)
c:/program files (x86)/atmel/studio/7.0/toolchain/avr8/avr8-gnu-toolchain/bin/../lib/gcc/avr/5.4.0/../../../../avr/lib/avr5\libm.a(addsf3x.o)
                              c:/program files (x86)/atmel/studio/7.0/toolchain/avr8/avr8-gnu-toolchain/bin/../lib/gcc/avr/5.4.0/../../../../avr/lib/avr5\libm.a(addsf3.o) (__addsf3x)
c:/program files (x86)/atmel/studio/7.0/toolchain/avr8/avr8-gnu-toolchain/bin/../lib/gcc/avr/5.4.0/../../../../avr/lib/avr5\libm.a(fixunssfsi.o)
                              HAL/Atmega32a lcd/Lcd-Driver.o (__fixunssfsi)
c:/program files (x86)/atmel/studio/7.0/toolchain/avr8/avr8-gnu-toolchain/bin/../lib/gcc/avr/5.4.0/../../../../avr/lib/avr5\libm.a(floatsisf.o)
                              HAL/Atmega32a lcd/Lcd-Driver.o (__floatunsisf)
c:/program files (x86)/atmel/studio/7.0/toolchain/avr8/avr8-gnu-toolchain/bin/../lib/gcc/avr/5.4.0/../../../../avr/lib/avr5\libm.a(fp_inf.o)
                              c:/program files (x86)/atmel/studio/7.0/toolchain/avr8/avr8-gnu-toolchain/bin/../lib/gcc/avr/5.4.0/../../../../avr/lib/avr5\libm.a(addsf3x.o) (__fp_inf)
c:/program files (x86)/atmel/studio/7.0/toolchain/avr8/avr8-gnu-toolchain/bin/../lib/gcc/avr/5.4.0/../../../../avr/lib/avr5\libm.a(fp_nan.o)
                              c:/program files (x86)/atmel/studio/7.0/toolchain/avr8/avr8-gnu-toolchain/bin/../lib/gcc/avr/5.4.0/../../../../avr/lib/avr5\libm.a(addsf3x.o) (__fp_nan)
c:/program files (x86)/atmel/studio/7.0/toolchain/avr8/avr8-gnu-toolchain/bin/../lib/gcc/avr/5.4.0/../../../../avr/lib/avr5\libm.a(fp_pscA.o)
                              c:/program files (x86)/atmel/studio/7.0/toolchain/avr8/avr8-gnu-toolchain/bin/../lib/gcc/avr/5.4.0/../../../../avr/lib/avr5\libm.a(addsf3x.o) (__fp_pscA)
c:/program files (x86)/atmel/studio/7.0/toolchain/avr8/avr8-gnu-toolchain/bin/../lib/gcc/avr/5.4.0/../../../../avr/lib/avr5\libm.a(fp_pscB.o)
                              c:/program files (x86)/atmel/studio/7.0/toolchain/avr8/avr8-gnu-toolchain/bin/../lib/gcc/avr/5.4.0/../../../../avr/lib/avr5\libm.a(addsf3x.o) (__fp_pscB)
c:/program files (x86)/atmel/studio/7.0/toolchain/avr8/avr8-gnu-toolchain/bin/../lib/gcc/avr/5.4.0/../../../../avr/lib/avr5\libm.a(fp_round.o)
                              c:/program files (x86)/atmel/studio/7.0/toolchain/avr8/avr8-gnu-toolchain/bin/../lib/gcc/avr/5.4.0/../../../../avr/lib/avr5\libm.a(addsf3.o) (__fp_round)
c:/program files (x86)/atmel/studio/7.0/toolchain/avr8/avr8-gnu-toolchain/bin/../lib/gcc/avr/5.4.0/../../../../avr/lib/avr5\libm.a(fp_split3.o)
                              c:/program files (x86)/atmel/studio/7.0/toolchain/avr8/avr8-gnu-toolchain/bin/../lib/gcc/avr/5.4.0/../../../../avr/lib/avr5\libm.a(addsf3x.o) (__fp_split3)
c:/program files (x86)/atmel/studio/7.0/toolchain/avr8/avr8-gnu-toolchain/bin/../lib/gcc/avr/5.4.0/../../../../avr/lib/avr5\libm.a(fp_zero.o)
                              c:/program files (x86)/atmel/studio/7.0/toolchain/avr8/avr8-gnu-toolchain/bin/../lib/gcc/avr/5.4.0/../../../../avr/lib/avr5\libm.a(addsf3x.o) (__fp_zero)
c:/program files (x86)/atmel/studio/7.0/toolchain/avr8/avr8-gnu-toolchain/bin/../lib/gcc/avr/5.4.0/../../../../avr/lib/avr5\libm.a(mulsf3.o)
                              HAL/Atmega32a lcd/Lcd-Driver.o (__mulsf3)
c:/program files (x86)/atmel/studio/7.0/toolchain/avr8/avr8-gnu-toolchain/bin/../lib/gcc/avr/5.4.0/../../../../avr/lib/avr5\libm.a(mulsf3x.o)
                              c:/program files (x86)/atmel/studio/7.0/toolchain/avr8/avr8-gnu-toolchain/bin/../lib/gcc/avr/5.4.0/../../../../avr/lib/avr5\libm.a(mulsf3.o) (__mulsf3x)
c:/program files (x86)/atmel/studio/7.0/toolchain/avr8/avr8-gnu-toolchain/bin/../lib/gcc/avr/5.4.0/avr5\libgcc.a(_udivmodsi4.o)
                              MCAL/HAL_I2C/HAL_I2C.o (__udivmodsi4)
c:/program files (x86)/atmel/studio/7.0/toolchain/avr8/avr8-gnu-toolchain/bin/../lib/gcc/avr/5.4.0/avr5\libgcc.a(_exit.o)
                              C:/Program Files (x86)/Atmel/Studio/7.0/Packs/atmel/ATmega_DFP/1.6.364/gcc/dev/atmega32a/avr5/crtatmega32a.o (exit)
c:/program files (x86)/atmel/studio/7.0/toolchain/avr8/avr8-gnu-toolchain/bin/../lib/gcc/avr/5.4.0/avr5\libgcc.a(_tablejump2.o)
                              APP/APP.o (__tablejump2__)
c:/program files (x86)/atmel/studio/7.0/toolchain/avr8/avr8-gnu-toolchain/bin/../lib/gcc/avr/5.4.0/avr5\libgcc.a(_copy_data.o)
                              APP/APP.o (__do_copy_data)
c:/program files (x86)/atmel/studio/7.0/toolchain/avr8/avr8-gnu-toolchain/bin/../lib/gcc/avr/5.4.0/avr5\libgcc.a(_clear_bss.o)
                              APP/APP.o (__do_clear_bss)
c:/program files (x86)/atmel/studio/7.0/toolchain/avr8/avr8-gnu-toolchain/bin/../lib/gcc/avr/5.4.0/avr5\libgcc.a(_ashrdi3.o)
                              MCAL/HAL_I2C/HAL_I2C.o (__lshrdi3)
c:/program files (x86)/atmel/studio/7.0/toolchain/avr8/avr8-gnu-toolchain/bin/../lib/gcc/avr/5.4.0/avr5\libgcc.a(_adddi3_s8.o)
                              MCAL/HAL_I2C/HAL_I2C.o (__adddi3_s8)
c:/program files (x86)/atmel/studio/7.0/toolchain/avr8/avr8-gnu-toolchain/bin/../lib/gcc/avr/5.4.0/../../../../avr/lib/avr5\libc.a(atoi.o)
                              APP/APP.o (atoi)
c:/program files (x86)/atmel/studio/7.0/toolchain/avr8/avr8-gnu-toolchain/bin/../lib/gcc/avr/5.4.0/../../../../avr/lib/avr5\libc.a(itoa.o)
                              HAL/Atmega32a lcd/Lcd-Driver.o (itoa)
c:/program files (x86)/atmel/studio/7.0/toolchain/avr8/avr8-gnu-toolchain/bin/../lib/gcc/avr/5.4.0/../../../../avr/lib/avr5\libc.a(itoa_ncheck.o)
                              c:/program files (x86)/atmel/studio/7.0/toolchain/avr8/avr8-gnu-toolchain/bin/../lib/gcc/avr/5.4.0/../../../../avr/lib/avr5\libc.a(itoa.o) (__itoa_ncheck)
c:/program files (x86)/atmel/studio/7.0/toolchain/avr8/avr8-gnu-toolchain/bin/../lib/gcc/avr/5.4.0/../../../../avr/lib/avr5\libc.a(mul10.o)
                              c:/program files (x86)/atmel/studio/7.0/toolchain/avr8/avr8-gnu-toolchain/bin/../lib/gcc/avr/5.4.0/../../../../avr/lib/avr5\libc.a(atoi.o) (__mulhi_const_10)
c:/program files (x86)/atmel/studio/7.0/toolchain/avr8/avr8-gnu-toolchain/bin/../lib/gcc/avr/5.4.0/../../../../avr/lib/avr5\libc.a(utoa_ncheck.o)
                              c:/program files (x86)/atmel/studio/7.0/toolchain/avr8/avr8-gnu-toolchain/bin/../lib/gcc/avr/5.4.0/../../../../avr/lib/avr5\libc.a(itoa_ncheck.o) (__utoa_common)
c:/program files (x86)/atmel/studio/7.0/toolchain/avr8/avr8-gnu-toolchain/bin/../lib/gcc/avr/5.4.0/../../../../avr/lib/avr5\libc.a(strrev.o)
                              c:/program files (x86)/atmel/studio/7.0/toolchain/avr8/avr8-gnu-toolchain/bin/../lib/gcc/avr/5.4.0/../../../../avr/lib/avr5\libc.a(utoa_ncheck.o) (strrev)

Allocating common symbols
Common symbol       size              file

SPI_RXBuffer        0xf               APP/APP.o
ptr_INT0            0x2               MCAL/EXTI/HAL_EXIT.o
ptr_INT2            0x2               MCAL/EXTI/HAL_EXIT.o
UART_RXBuffer       0xf               APP/APP.o
ControlFlag         0x1               APP/APP.o
KeypadKey           0x2               APP/APP.o
ptr_INT1            0x2               MCAL/EXTI/HAL_EXIT.o

Discarded input sections

 .data          0x00000000        0x0 C:/Program Files (x86)/Atmel/Studio/7.0/Packs/atmel/ATmega_DFP/1.6.364/gcc/dev/atmega32a/avr5/crtatmega32a.o
 .bss           0x00000000        0x0 C:/Program Files (x86)/Atmel/Studio/7.0/Packs/atmel/ATmega_DFP/1.6.364/gcc/dev/atmega32a/avr5/crtatmega32a.o
 .text          0x00000000        0x0 APP/APP.o
 .data          0x00000000        0x0 APP/APP.o
 .bss           0x00000000        0x0 APP/APP.o
 .text          0x00000000        0x0 HAL/Atmega32a KeyPad/KedPad.o
 .data          0x00000000        0x0 HAL/Atmega32a KeyPad/KedPad.o
 .bss           0x00000000        0x0 HAL/Atmega32a KeyPad/KedPad.o
 .text          0x00000000        0x0 HAL/Atmega32a KeyPad/KeyPad_Pins.o
 .data          0x00000000        0x0 HAL/Atmega32a KeyPad/KeyPad_Pins.o
 .bss           0x00000000        0x0 HAL/Atmega32a KeyPad/KeyPad_Pins.o
 .text          0x00000000        0x0 HAL/Atmega32a lcd/Lcd-Driver.o
 .data          0x00000000        0x0 HAL/Atmega32a lcd/Lcd-Driver.o
 .bss           0x00000000        0x0 HAL/Atmega32a lcd/Lcd-Driver.o
 .text.LCD_Send_String_CurrLoc
                0x00000000       0x1a HAL/Atmega32a lcd/Lcd-Driver.o
 .text.LCD_Send_Integer_CurrLoc
                0x00000000       0x58 HAL/Atmega32a lcd/Lcd-Driver.o
 .text.LCD_Send_Float_Withloc
                0x00000000       0x76 HAL/Atmega32a lcd/Lcd-Driver.o
 .text          0x00000000        0x0 HAL/Atmega32a lcd/LCD_Pins.o
 .data          0x00000000        0x0 HAL/Atmega32a lcd/LCD_Pins.o
 .bss           0x00000000        0x0 HAL/Atmega32a lcd/LCD_Pins.o
 .text          0x00000000        0x0 HAL/EEPROM/EEPROM.o
 .data          0x00000000        0x0 HAL/EEPROM/EEPROM.o
 .bss           0x00000000        0x0 HAL/EEPROM/EEPROM.o
 .text.EEPROM_ReadPage
                0x00000000       0x40 HAL/EEPROM/EEPROM.o
 .text.EEPROM_WritePage
                0x00000000       0x40 HAL/EEPROM/EEPROM.o
 .text          0x00000000        0x0 HAL/LED_BUTTONS/But_LED.o
 .data          0x00000000        0x0 HAL/LED_BUTTONS/But_LED.o
 .bss           0x00000000        0x0 HAL/LED_BUTTONS/But_LED.o
 .text.Button_Init
                0x00000000       0x60 HAL/LED_BUTTONS/But_LED.o
 .text.Button_Read
                0x00000000       0x30 HAL/LED_BUTTONS/But_LED.o
 .text.Button_Read_ALL
                0x00000000       0x54 HAL/LED_BUTTONS/But_LED.o
 .text.LED_Init
                0x00000000       0x62 HAL/LED_BUTTONS/But_LED.o
 .text.LED_Write
                0x00000000       0x36 HAL/LED_BUTTONS/But_LED.o
 .text.LED_Toggle
                0x00000000       0x32 HAL/LED_BUTTONS/But_LED.o
 .text.LED_Toggle_ALL
                0x00000000       0x40 HAL/LED_BUTTONS/But_LED.o
 .text.LED_Write_ALL
                0x00000000       0x5e HAL/LED_BUTTONS/But_LED.o
 .bss.ArrResult.1702
                0x00000000        0x2 HAL/LED_BUTTONS/But_LED.o
 .debug_info    0x00000000      0x4fe HAL/LED_BUTTONS/But_LED.o
 .debug_abbrev  0x00000000      0x140 HAL/LED_BUTTONS/But_LED.o
 .debug_loc     0x00000000      0x616 HAL/LED_BUTTONS/But_LED.o
 .debug_aranges
                0x00000000       0x58 HAL/LED_BUTTONS/But_LED.o
 .debug_ranges  0x00000000       0x78 HAL/LED_BUTTONS/But_LED.o
 .debug_line    0x00000000      0x320 HAL/LED_BUTTONS/But_LED.o
 .debug_str     0x00000000      0x3b6 HAL/LED_BUTTONS/But_LED.o
 .comment       0x00000000       0x31 HAL/LED_BUTTONS/But_LED.o
 .debug_frame   0x00000000      0x120 HAL/LED_BUTTONS/But_LED.o
 .text          0x00000000        0x0 main.o
 .data          0x00000000        0x0 main.o
 .bss           0x00000000        0x0 main.o
 .text          0x00000000        0x0 MCAL/External_CAN/MCP2515.o
 .data          0x00000000        0x0 MCAL/External_CAN/MCP2515.o
 .bss           0x00000000        0x0 MCAL/External_CAN/MCP2515.o
 .text.MCP2515_Read_Register
                0x00000000       0x36 MCAL/External_CAN/MCP2515.o
 .text.MCP2515_Write_Register
                0x00000000       0x32 MCAL/External_CAN/MCP2515.o
 .text.MCP2515_Rest
                0x00000000       0x3a MCAL/External_CAN/MCP2515.o
 .text.MCP2515_SetBitTiming
                0x00000000       0x1a MCAL/External_CAN/MCP2515.o
 .text.MCP2515_Set_OperMode
                0x00000000       0x34 MCAL/External_CAN/MCP2515.o
 .text.MCP2515_SetMask
                0x00000000       0xf0 MCAL/External_CAN/MCP2515.o
 .text.MCP2515_SetFilter
                0x00000000      0x124 MCAL/External_CAN/MCP2515.o
 .text.MCP2515_Enable_Interrupt
                0x00000000       0x34 MCAL/External_CAN/MCP2515.o
 .text.MCP2515_init
                0x00000000       0x66 MCAL/External_CAN/MCP2515.o
 .text.MCP2515_SendCANmsg
                0x00000000      0x1be MCAL/External_CAN/MCP2515.o
 .text.MCP2515_receiveMesg
                0x00000000       0xe2 MCAL/External_CAN/MCP2515.o
 .bss.MCP2515_SPIHandler
                0x00000000        0xe MCAL/External_CAN/MCP2515.o
 .debug_info    0x00000000      0xa4a MCAL/External_CAN/MCP2515.o
 .debug_abbrev  0x00000000      0x235 MCAL/External_CAN/MCP2515.o
 .debug_loc     0x00000000      0x76e MCAL/External_CAN/MCP2515.o
 .debug_aranges
                0x00000000       0x70 MCAL/External_CAN/MCP2515.o
 .debug_ranges  0x00000000       0x60 MCAL/External_CAN/MCP2515.o
 .debug_line    0x00000000      0x47a MCAL/External_CAN/MCP2515.o
 .debug_str     0x00000000      0x4c5 MCAL/External_CAN/MCP2515.o
 .comment       0x00000000       0x31 MCAL/External_CAN/MCP2515.o
 .debug_frame   0x00000000      0x194 MCAL/External_CAN/MCP2515.o
 .text          0x00000000        0x0 MCAL/EXTI/HAL_EXIT.o
 .data          0x00000000        0x0 MCAL/EXTI/HAL_EXIT.o
 .bss           0x00000000        0x0 MCAL/EXTI/HAL_EXIT.o
 .text.EXIT_INT0_CallBack
                0x00000000        0xa MCAL/EXTI/HAL_EXIT.o
 .text.EXIT_INT1_CallBack
                0x00000000        0xa MCAL/EXTI/HAL_EXIT.o
 .text.EXIT_INT2_CallBack
                0x00000000        0xa MCAL/EXTI/HAL_EXIT.o
 .text.EXTI_Gen_SoftWareINIT
                0x00000000       0x3a MCAL/EXTI/HAL_EXIT.o
 .text.EXIT_DISABLE
                0x00000000       0x22 MCAL/EXTI/HAL_EXIT.o
 .text          0x00000000        0x0 MCAL/HAL_GPIO/HAL_GPIO.o
 .data          0x00000000        0x0 MCAL/HAL_GPIO/HAL_GPIO.o
 .bss           0x00000000        0x0 MCAL/HAL_GPIO/HAL_GPIO.o
 .text.HAL_GPIO_WRITEPORT
                0x00000000        0xe MCAL/HAL_GPIO/HAL_GPIO.o
 .text.HAL_GPIO_TOGGLE_PIN
                0x00000000       0x1a MCAL/HAL_GPIO/HAL_GPIO.o
 .text.HAL_GPIO_SLEEP_MODE_INIT
                0x00000000       0x5c MCAL/HAL_GPIO/HAL_GPIO.o
 .text.SleepModeEnter
                0x00000000        0x4 MCAL/HAL_GPIO/HAL_GPIO.o
 .text.SleepModeDisable
                0x00000000        0x8 MCAL/HAL_GPIO/HAL_GPIO.o
 .text.SleepModeEnable
                0x00000000        0x8 MCAL/HAL_GPIO/HAL_GPIO.o
 .text          0x00000000        0x0 MCAL/HAL_I2C/HAL_I2C.o
 .data          0x00000000        0x0 MCAL/HAL_I2C/HAL_I2C.o
 .bss           0x00000000        0x0 MCAL/HAL_I2C/HAL_I2C.o
 .text.HAL_I2C_Master_Transmit
                0x00000000       0x50 MCAL/HAL_I2C/HAL_I2C.o
 .text.HAL_I2C_Master_Receive
                0x00000000       0x52 MCAL/HAL_I2C/HAL_I2C.o
 .text.HAL_I2C_Slave_Receive
                0x00000000       0x62 MCAL/HAL_I2C/HAL_I2C.o
 .text.HAL_I2C_Slave_Transmit
                0x00000000       0x44 MCAL/HAL_I2C/HAL_I2C.o
 .text          0x00000000        0x0 MCAL/HAL_SPI/HAL_SPI.o
 .data          0x00000000        0x0 MCAL/HAL_SPI/HAL_SPI.o
 .bss           0x00000000        0x0 MCAL/HAL_SPI/HAL_SPI.o
 .text.HAL_SPI_Recieve
                0x00000000       0x3e MCAL/HAL_SPI/HAL_SPI.o
 .text.HAL_TransmitRecive
                0x00000000       0x70 MCAL/HAL_SPI/HAL_SPI.o
 .text.HAL_SPI_Transmit_IT
                0x00000000       0x2c MCAL/HAL_SPI/HAL_SPI.o
 .text.HAL_SPI_Receive_IT
                0x00000000       0x28 MCAL/HAL_SPI/HAL_SPI.o
 .text.HAL_TransmitRecive_IT
                0x00000000       0x30 MCAL/HAL_SPI/HAL_SPI.o
 .text.SPI_Handler_Process
                0x00000000       0x54 MCAL/HAL_SPI/HAL_SPI.o
 .bss.SPI_State
                0x00000000        0x1 MCAL/HAL_SPI/HAL_SPI.o
 .text          0x00000000        0x0 MCAL/UART/HAL_Uart.o
 .data          0x00000000        0x0 MCAL/UART/HAL_Uart.o
 .bss           0x00000000        0x0 MCAL/UART/HAL_Uart.o
 .text.HAL_UART_MltiProcessor_TX
                0x00000000       0x5e MCAL/UART/HAL_Uart.o
 .text.HAL_UART_MltiProcessor_RX
                0x00000000       0xb2 MCAL/UART/HAL_Uart.o
 .text          0x00000000        0x0 c:/program files (x86)/atmel/studio/7.0/toolchain/avr8/avr8-gnu-toolchain/bin/../lib/gcc/avr/5.4.0/../../../../avr/lib/avr5\libm.a(addsf3.o)
 .data          0x00000000        0x0 c:/program files (x86)/atmel/studio/7.0/toolchain/avr8/avr8-gnu-toolchain/bin/../lib/gcc/avr/5.4.0/../../../../avr/lib/avr5\libm.a(addsf3.o)
 .bss           0x00000000        0x0 c:/program files (x86)/atmel/studio/7.0/toolchain/avr8/avr8-gnu-toolchain/bin/../lib/gcc/avr/5.4.0/../../../../avr/lib/avr5\libm.a(addsf3.o)
 .text.avr-libc.fplib
                0x00000000        0xe c:/program files (x86)/atmel/studio/7.0/toolchain/avr8/avr8-gnu-toolchain/bin/../lib/gcc/avr/5.4.0/../../../../avr/lib/avr5\libm.a(addsf3.o)
 .text          0x00000000        0x0 c:/program files (x86)/atmel/studio/7.0/toolchain/avr8/avr8-gnu-toolchain/bin/../lib/gcc/avr/5.4.0/../../../../avr/lib/avr5\libm.a(addsf3x.o)
 .data          0x00000000        0x0 c:/program files (x86)/atmel/studio/7.0/toolchain/avr8/avr8-gnu-toolchain/bin/../lib/gcc/avr/5.4.0/../../../../avr/lib/avr5\libm.a(addsf3x.o)
 .bss           0x00000000        0x0 c:/program files (x86)/atmel/studio/7.0/toolchain/avr8/avr8-gnu-toolchain/bin/../lib/gcc/avr/5.4.0/../../../../avr/lib/avr5\libm.a(addsf3x.o)
 .text.avr-libc.fplib
                0x00000000       0xcc c:/program files (x86)/atmel/studio/7.0/toolchain/avr8/avr8-gnu-toolchain/bin/../lib/gcc/avr/5.4.0/../../../../avr/lib/avr5\libm.a(addsf3x.o)
 .text          0x00000000        0x0 c:/program files (x86)/atmel/studio/7.0/toolchain/avr8/avr8-gnu-toolchain/bin/../lib/gcc/avr/5.4.0/../../../../avr/lib/avr5\libm.a(fixunssfsi.o)
 .data          0x00000000        0x0 c:/program files (x86)/atmel/studio/7.0/toolchain/avr8/avr8-gnu-toolchain/bin/../lib/gcc/avr/5.4.0/../../../../avr/lib/avr5\libm.a(fixunssfsi.o)
 .bss           0x00000000        0x0 c:/program files (x86)/atmel/studio/7.0/toolchain/avr8/avr8-gnu-toolchain/bin/../lib/gcc/avr/5.4.0/../../../../avr/lib/avr5\libm.a(fixunssfsi.o)
 .text.avr-libc.fplib
                0x00000000       0x5e c:/program files (x86)/atmel/studio/7.0/toolchain/avr8/avr8-gnu-toolchain/bin/../lib/gcc/avr/5.4.0/../../../../avr/lib/avr5\libm.a(fixunssfsi.o)
 .text          0x00000000        0x0 c:/program files (x86)/atmel/studio/7.0/toolchain/avr8/avr8-gnu-toolchain/bin/../lib/gcc/avr/5.4.0/../../../../avr/lib/avr5\libm.a(floatsisf.o)
 .data          0x00000000        0x0 c:/program files (x86)/atmel/studio/7.0/toolchain/avr8/avr8-gnu-toolchain/bin/../lib/gcc/avr/5.4.0/../../../../avr/lib/avr5\libm.a(floatsisf.o)
 .bss           0x00000000        0x0 c:/program files (x86)/atmel/studio/7.0/toolchain/avr8/avr8-gnu-toolchain/bin/../lib/gcc/avr/5.4.0/../../../../avr/lib/avr5\libm.a(floatsisf.o)
 .text.avr-libc.fplib
                0x00000000       0x7a c:/program files (x86)/atmel/studio/7.0/toolchain/avr8/avr8-gnu-toolchain/bin/../lib/gcc/avr/5.4.0/../../../../avr/lib/avr5\libm.a(floatsisf.o)
 .text          0x00000000        0x0 c:/program files (x86)/atmel/studio/7.0/toolchain/avr8/avr8-gnu-toolchain/bin/../lib/gcc/avr/5.4.0/../../../../avr/lib/avr5\libm.a(fp_inf.o)
 .data          0x00000000        0x0 c:/program files (x86)/atmel/studio/7.0/toolchain/avr8/avr8-gnu-toolchain/bin/../lib/gcc/avr/5.4.0/../../../../avr/lib/avr5\libm.a(fp_inf.o)
 .bss           0x00000000        0x0 c:/program files (x86)/atmel/studio/7.0/toolchain/avr8/avr8-gnu-toolchain/bin/../lib/gcc/avr/5.4.0/../../../../avr/lib/avr5\libm.a(fp_inf.o)
 .text.avr-libc.fplib
                0x00000000        0xc c:/program files (x86)/atmel/studio/7.0/toolchain/avr8/avr8-gnu-toolchain/bin/../lib/gcc/avr/5.4.0/../../../../avr/lib/avr5\libm.a(fp_inf.o)
 .text          0x00000000        0x0 c:/program files (x86)/atmel/studio/7.0/toolchain/avr8/avr8-gnu-toolchain/bin/../lib/gcc/avr/5.4.0/../../../../avr/lib/avr5\libm.a(fp_nan.o)
 .data          0x00000000        0x0 c:/program files (x86)/atmel/studio/7.0/toolchain/avr8/avr8-gnu-toolchain/bin/../lib/gcc/avr/5.4.0/../../../../avr/lib/avr5\libm.a(fp_nan.o)
 .bss           0x00000000        0x0 c:/program files (x86)/atmel/studio/7.0/toolchain/avr8/avr8-gnu-toolchain/bin/../lib/gcc/avr/5.4.0/../../../../avr/lib/avr5\libm.a(fp_nan.o)
 .text.avr-libc.fplib
                0x00000000        0x6 c:/program files (x86)/atmel/studio/7.0/toolchain/avr8/avr8-gnu-toolchain/bin/../lib/gcc/avr/5.4.0/../../../../avr/lib/avr5\libm.a(fp_nan.o)
 .text          0x00000000        0x0 c:/program files (x86)/atmel/studio/7.0/toolchain/avr8/avr8-gnu-toolchain/bin/../lib/gcc/avr/5.4.0/../../../../avr/lib/avr5\libm.a(fp_pscA.o)
 .data          0x00000000        0x0 c:/program files (x86)/atmel/studio/7.0/toolchain/avr8/avr8-gnu-toolchain/bin/../lib/gcc/avr/5.4.0/../../../../avr/lib/avr5\libm.a(fp_pscA.o)
 .bss           0x00000000        0x0 c:/program files (x86)/atmel/studio/7.0/toolchain/avr8/avr8-gnu-toolchain/bin/../lib/gcc/avr/5.4.0/../../../../avr/lib/avr5\libm.a(fp_pscA.o)
 .text.avr-libc.fplib
                0x00000000        0xe c:/program files (x86)/atmel/studio/7.0/toolchain/avr8/avr8-gnu-toolchain/bin/../lib/gcc/avr/5.4.0/../../../../avr/lib/avr5\libm.a(fp_pscA.o)
 .text          0x00000000        0x0 c:/program files (x86)/atmel/studio/7.0/toolchain/avr8/avr8-gnu-toolchain/bin/../lib/gcc/avr/5.4.0/../../../../avr/lib/avr5\libm.a(fp_pscB.o)
 .data          0x00000000        0x0 c:/program files (x86)/atmel/studio/7.0/toolchain/avr8/avr8-gnu-toolchain/bin/../lib/gcc/avr/5.4.0/../../../../avr/lib/avr5\libm.a(fp_pscB.o)
 .bss           0x00000000        0x0 c:/program files (x86)/atmel/studio/7.0/toolchain/avr8/avr8-gnu-toolchain/bin/../lib/gcc/avr/5.4.0/../../../../avr/lib/avr5\libm.a(fp_pscB.o)
 .text.avr-libc.fplib
                0x00000000        0xe c:/program files (x86)/atmel/studio/7.0/toolchain/avr8/avr8-gnu-toolchain/bin/../lib/gcc/avr/5.4.0/../../../../avr/lib/avr5\libm.a(fp_pscB.o)
 .text          0x00000000        0x0 c:/program files (x86)/atmel/studio/7.0/toolchain/avr8/avr8-gnu-toolchain/bin/../lib/gcc/avr/5.4.0/../../../../avr/lib/avr5\libm.a(fp_round.o)
 .data          0x00000000        0x0 c:/program files (x86)/atmel/studio/7.0/toolchain/avr8/avr8-gnu-toolchain/bin/../lib/gcc/avr/5.4.0/../../../../avr/lib/avr5\libm.a(fp_round.o)
 .bss           0x00000000        0x0 c:/program files (x86)/atmel/studio/7.0/toolchain/avr8/avr8-gnu-toolchain/bin/../lib/gcc/avr/5.4.0/../../../../avr/lib/avr5\libm.a(fp_round.o)
 .text.avr-libc.fplib
                0x00000000       0x22 c:/program files (x86)/atmel/studio/7.0/toolchain/avr8/avr8-gnu-toolchain/bin/../lib/gcc/avr/5.4.0/../../../../avr/lib/avr5\libm.a(fp_round.o)
 .text          0x00000000        0x0 c:/program files (x86)/atmel/studio/7.0/toolchain/avr8/avr8-gnu-toolchain/bin/../lib/gcc/avr/5.4.0/../../../../avr/lib/avr5\libm.a(fp_split3.o)
 .data          0x00000000        0x0 c:/program files (x86)/atmel/studio/7.0/toolchain/avr8/avr8-gnu-toolchain/bin/../lib/gcc/avr/5.4.0/../../../../avr/lib/avr5\libm.a(fp_split3.o)
 .bss           0x00000000        0x0 c:/program files (x86)/atmel/studio/7.0/toolchain/avr8/avr8-gnu-toolchain/bin/../lib/gcc/avr/5.4.0/../../../../avr/lib/avr5\libm.a(fp_split3.o)
 .text.avr-libc.fplib
                0x00000000       0x44 c:/program files (x86)/atmel/studio/7.0/toolchain/avr8/avr8-gnu-toolchain/bin/../lib/gcc/avr/5.4.0/../../../../avr/lib/avr5\libm.a(fp_split3.o)
 .text          0x00000000        0x0 c:/program files (x86)/atmel/studio/7.0/toolchain/avr8/avr8-gnu-toolchain/bin/../lib/gcc/avr/5.4.0/../../../../avr/lib/avr5\libm.a(fp_zero.o)
 .data          0x00000000        0x0 c:/program files (x86)/atmel/studio/7.0/toolchain/avr8/avr8-gnu-toolchain/bin/../lib/gcc/avr/5.4.0/../../../../avr/lib/avr5\libm.a(fp_zero.o)
 .bss           0x00000000        0x0 c:/program files (x86)/atmel/studio/7.0/toolchain/avr8/avr8-gnu-toolchain/bin/../lib/gcc/avr/5.4.0/../../../../avr/lib/avr5\libm.a(fp_zero.o)
 .text.avr-libc.fplib
                0x00000000        0xe c:/program files (x86)/atmel/studio/7.0/toolchain/avr8/avr8-gnu-toolchain/bin/../lib/gcc/avr/5.4.0/../../../../avr/lib/avr5\libm.a(fp_zero.o)
 .text          0x00000000        0x0 c:/program files (x86)/atmel/studio/7.0/toolchain/avr8/avr8-gnu-toolchain/bin/../lib/gcc/avr/5.4.0/../../../../avr/lib/avr5\libm.a(mulsf3.o)
 .data          0x00000000        0x0 c:/program files (x86)/atmel/studio/7.0/toolchain/avr8/avr8-gnu-toolchain/bin/../lib/gcc/avr/5.4.0/../../../../avr/lib/avr5\libm.a(mulsf3.o)
 .bss           0x00000000        0x0 c:/program files (x86)/atmel/studio/7.0/toolchain/avr8/avr8-gnu-toolchain/bin/../lib/gcc/avr/5.4.0/../../../../avr/lib/avr5\libm.a(mulsf3.o)
 .text.avr-libc.fplib
                0x00000000        0x8 c:/program files (x86)/atmel/studio/7.0/toolchain/avr8/avr8-gnu-toolchain/bin/../lib/gcc/avr/5.4.0/../../../../avr/lib/avr5\libm.a(mulsf3.o)
 .text          0x00000000        0x0 c:/program files (x86)/atmel/studio/7.0/toolchain/avr8/avr8-gnu-toolchain/bin/../lib/gcc/avr/5.4.0/../../../../avr/lib/avr5\libm.a(mulsf3x.o)
 .data          0x00000000        0x0 c:/program files (x86)/atmel/studio/7.0/toolchain/avr8/avr8-gnu-toolchain/bin/../lib/gcc/avr/5.4.0/../../../../avr/lib/avr5\libm.a(mulsf3x.o)
 .bss           0x00000000        0x0 c:/program files (x86)/atmel/studio/7.0/toolchain/avr8/avr8-gnu-toolchain/bin/../lib/gcc/avr/5.4.0/../../../../avr/lib/avr5\libm.a(mulsf3x.o)
 .text.avr-libc.fplib
                0x00000000       0xd2 c:/program files (x86)/atmel/studio/7.0/toolchain/avr8/avr8-gnu-toolchain/bin/../lib/gcc/avr/5.4.0/../../../../avr/lib/avr5\libm.a(mulsf3x.o)
 .text          0x00000000        0x0 c:/program files (x86)/atmel/studio/7.0/toolchain/avr8/avr8-gnu-toolchain/bin/../lib/gcc/avr/5.4.0/avr5\libgcc.a(_udivmodsi4.o)
 .data          0x00000000        0x0 c:/program files (x86)/atmel/studio/7.0/toolchain/avr8/avr8-gnu-toolchain/bin/../lib/gcc/avr/5.4.0/avr5\libgcc.a(_udivmodsi4.o)
 .bss           0x00000000        0x0 c:/program files (x86)/atmel/studio/7.0/toolchain/avr8/avr8-gnu-toolchain/bin/../lib/gcc/avr/5.4.0/avr5\libgcc.a(_udivmodsi4.o)
 .text.libgcc.mul
                0x00000000        0x0 c:/program files (x86)/atmel/studio/7.0/toolchain/avr8/avr8-gnu-toolchain/bin/../lib/gcc/avr/5.4.0/avr5\libgcc.a(_udivmodsi4.o)
 .text.libgcc   0x00000000        0x0 c:/program files (x86)/atmel/studio/7.0/toolchain/avr8/avr8-gnu-toolchain/bin/../lib/gcc/avr/5.4.0/avr5\libgcc.a(_udivmodsi4.o)
 .text.libgcc.prologue
                0x00000000        0x0 c:/program files (x86)/atmel/studio/7.0/toolchain/avr8/avr8-gnu-toolchain/bin/../lib/gcc/avr/5.4.0/avr5\libgcc.a(_udivmodsi4.o)
 .text.libgcc.builtins
                0x00000000        0x0 c:/program files (x86)/atmel/studio/7.0/toolchain/avr8/avr8-gnu-toolchain/bin/../lib/gcc/avr/5.4.0/avr5\libgcc.a(_udivmodsi4.o)
 .text.libgcc.fmul
                0x00000000        0x0 c:/program files (x86)/atmel/studio/7.0/toolchain/avr8/avr8-gnu-toolchain/bin/../lib/gcc/avr/5.4.0/avr5\libgcc.a(_udivmodsi4.o)
 .text.libgcc.fixed
                0x00000000        0x0 c:/program files (x86)/atmel/studio/7.0/toolchain/avr8/avr8-gnu-toolchain/bin/../lib/gcc/avr/5.4.0/avr5\libgcc.a(_udivmodsi4.o)
 .text          0x00000000        0x0 c:/program files (x86)/atmel/studio/7.0/toolchain/avr8/avr8-gnu-toolchain/bin/../lib/gcc/avr/5.4.0/avr5\libgcc.a(_exit.o)
 .data          0x00000000        0x0 c:/program files (x86)/atmel/studio/7.0/toolchain/avr8/avr8-gnu-toolchain/bin/../lib/gcc/avr/5.4.0/avr5\libgcc.a(_exit.o)
 .bss           0x00000000        0x0 c:/program files (x86)/atmel/studio/7.0/toolchain/avr8/avr8-gnu-toolchain/bin/../lib/gcc/avr/5.4.0/avr5\libgcc.a(_exit.o)
 .text.libgcc.mul
                0x00000000        0x0 c:/program files (x86)/atmel/studio/7.0/toolchain/avr8/avr8-gnu-toolchain/bin/../lib/gcc/avr/5.4.0/avr5\libgcc.a(_exit.o)
 .text.libgcc.div
                0x00000000        0x0 c:/program files (x86)/atmel/studio/7.0/toolchain/avr8/avr8-gnu-toolchain/bin/../lib/gcc/avr/5.4.0/avr5\libgcc.a(_exit.o)
 .text.libgcc   0x00000000        0x0 c:/program files (x86)/atmel/studio/7.0/toolchain/avr8/avr8-gnu-toolchain/bin/../lib/gcc/avr/5.4.0/avr5\libgcc.a(_exit.o)
 .text.libgcc.prologue
                0x00000000        0x0 c:/program files (x86)/atmel/studio/7.0/toolchain/avr8/avr8-gnu-toolchain/bin/../lib/gcc/avr/5.4.0/avr5\libgcc.a(_exit.o)
 .text.libgcc.builtins
                0x00000000        0x0 c:/program files (x86)/atmel/studio/7.0/toolchain/avr8/avr8-gnu-toolchain/bin/../lib/gcc/avr/5.4.0/avr5\libgcc.a(_exit.o)
 .text.libgcc.fmul
                0x00000000        0x0 c:/program files (x86)/atmel/studio/7.0/toolchain/avr8/avr8-gnu-toolchain/bin/../lib/gcc/avr/5.4.0/avr5\libgcc.a(_exit.o)
 .text.libgcc.fixed
                0x00000000        0x0 c:/program files (x86)/atmel/studio/7.0/toolchain/avr8/avr8-gnu-toolchain/bin/../lib/gcc/avr/5.4.0/avr5\libgcc.a(_exit.o)
 .text          0x00000000        0x0 c:/program files (x86)/atmel/studio/7.0/toolchain/avr8/avr8-gnu-toolchain/bin/../lib/gcc/avr/5.4.0/avr5\libgcc.a(_tablejump2.o)
 .data          0x00000000        0x0 c:/program files (x86)/atmel/studio/7.0/toolchain/avr8/avr8-gnu-toolchain/bin/../lib/gcc/avr/5.4.0/avr5\libgcc.a(_tablejump2.o)
 .bss           0x00000000        0x0 c:/program files (x86)/atmel/studio/7.0/toolchain/avr8/avr8-gnu-toolchain/bin/../lib/gcc/avr/5.4.0/avr5\libgcc.a(_tablejump2.o)
 .text.libgcc.mul
                0x00000000        0x0 c:/program files (x86)/atmel/studio/7.0/toolchain/avr8/avr8-gnu-toolchain/bin/../lib/gcc/avr/5.4.0/avr5\libgcc.a(_tablejump2.o)
 .text.libgcc.div
                0x00000000        0x0 c:/program files (x86)/atmel/studio/7.0/toolchain/avr8/avr8-gnu-toolchain/bin/../lib/gcc/avr/5.4.0/avr5\libgcc.a(_tablejump2.o)
 .text.libgcc.prologue
                0x00000000        0x0 c:/program files (x86)/atmel/studio/7.0/toolchain/avr8/avr8-gnu-toolchain/bin/../lib/gcc/avr/5.4.0/avr5\libgcc.a(_tablejump2.o)
 .text.libgcc.builtins
                0x00000000        0x0 c:/program files (x86)/atmel/studio/7.0/toolchain/avr8/avr8-gnu-toolchain/bin/../lib/gcc/avr/5.4.0/avr5\libgcc.a(_tablejump2.o)
 .text.libgcc.fmul
                0x00000000        0x0 c:/program files (x86)/atmel/studio/7.0/toolchain/avr8/avr8-gnu-toolchain/bin/../lib/gcc/avr/5.4.0/avr5\libgcc.a(_tablejump2.o)
 .text.libgcc.fixed
                0x00000000        0x0 c:/program files (x86)/atmel/studio/7.0/toolchain/avr8/avr8-gnu-toolchain/bin/../lib/gcc/avr/5.4.0/avr5\libgcc.a(_tablejump2.o)
 .text          0x00000000        0x0 c:/program files (x86)/atmel/studio/7.0/toolchain/avr8/avr8-gnu-toolchain/bin/../lib/gcc/avr/5.4.0/avr5\libgcc.a(_copy_data.o)
 .data          0x00000000        0x0 c:/program files (x86)/atmel/studio/7.0/toolchain/avr8/avr8-gnu-toolchain/bin/../lib/gcc/avr/5.4.0/avr5\libgcc.a(_copy_data.o)
 .bss           0x00000000        0x0 c:/program files (x86)/atmel/studio/7.0/toolchain/avr8/avr8-gnu-toolchain/bin/../lib/gcc/avr/5.4.0/avr5\libgcc.a(_copy_data.o)
 .text.libgcc.mul
                0x00000000        0x0 c:/program files (x86)/atmel/studio/7.0/toolchain/avr8/avr8-gnu-toolchain/bin/../lib/gcc/avr/5.4.0/avr5\libgcc.a(_copy_data.o)
 .text.libgcc.div
                0x00000000        0x0 c:/program files (x86)/atmel/studio/7.0/toolchain/avr8/avr8-gnu-toolchain/bin/../lib/gcc/avr/5.4.0/avr5\libgcc.a(_copy_data.o)
 .text.libgcc   0x00000000        0x0 c:/program files (x86)/atmel/studio/7.0/toolchain/avr8/avr8-gnu-toolchain/bin/../lib/gcc/avr/5.4.0/avr5\libgcc.a(_copy_data.o)
 .text.libgcc.prologue
                0x00000000        0x0 c:/program files (x86)/atmel/studio/7.0/toolchain/avr8/avr8-gnu-toolchain/bin/../lib/gcc/avr/5.4.0/avr5\libgcc.a(_copy_data.o)
 .text.libgcc.builtins
                0x00000000        0x0 c:/program files (x86)/atmel/studio/7.0/toolchain/avr8/avr8-gnu-toolchain/bin/../lib/gcc/avr/5.4.0/avr5\libgcc.a(_copy_data.o)
 .text.libgcc.fmul
                0x00000000        0x0 c:/program files (x86)/atmel/studio/7.0/toolchain/avr8/avr8-gnu-toolchain/bin/../lib/gcc/avr/5.4.0/avr5\libgcc.a(_copy_data.o)
 .text.libgcc.fixed
                0x00000000        0x0 c:/program files (x86)/atmel/studio/7.0/toolchain/avr8/avr8-gnu-toolchain/bin/../lib/gcc/avr/5.4.0/avr5\libgcc.a(_copy_data.o)
 .text          0x00000000        0x0 c:/program files (x86)/atmel/studio/7.0/toolchain/avr8/avr8-gnu-toolchain/bin/../lib/gcc/avr/5.4.0/avr5\libgcc.a(_clear_bss.o)
 .data          0x00000000        0x0 c:/program files (x86)/atmel/studio/7.0/toolchain/avr8/avr8-gnu-toolchain/bin/../lib/gcc/avr/5.4.0/avr5\libgcc.a(_clear_bss.o)
 .bss           0x00000000        0x0 c:/program files (x86)/atmel/studio/7.0/toolchain/avr8/avr8-gnu-toolchain/bin/../lib/gcc/avr/5.4.0/avr5\libgcc.a(_clear_bss.o)
 .text.libgcc.mul
                0x00000000        0x0 c:/program files (x86)/atmel/studio/7.0/toolchain/avr8/avr8-gnu-toolchain/bin/../lib/gcc/avr/5.4.0/avr5\libgcc.a(_clear_bss.o)
 .text.libgcc.div
                0x00000000        0x0 c:/program files (x86)/atmel/studio/7.0/toolchain/avr8/avr8-gnu-toolchain/bin/../lib/gcc/avr/5.4.0/avr5\libgcc.a(_clear_bss.o)
 .text.libgcc   0x00000000        0x0 c:/program files (x86)/atmel/studio/7.0/toolchain/avr8/avr8-gnu-toolchain/bin/../lib/gcc/avr/5.4.0/avr5\libgcc.a(_clear_bss.o)
 .text.libgcc.prologue
                0x00000000        0x0 c:/program files (x86)/atmel/studio/7.0/toolchain/avr8/avr8-gnu-toolchain/bin/../lib/gcc/avr/5.4.0/avr5\libgcc.a(_clear_bss.o)
 .text.libgcc.builtins
                0x00000000        0x0 c:/program files (x86)/atmel/studio/7.0/toolchain/avr8/avr8-gnu-toolchain/bin/../lib/gcc/avr/5.4.0/avr5\libgcc.a(_clear_bss.o)
 .text.libgcc.fmul
                0x00000000        0x0 c:/program files (x86)/atmel/studio/7.0/toolchain/avr8/avr8-gnu-toolchain/bin/../lib/gcc/avr/5.4.0/avr5\libgcc.a(_clear_bss.o)
 .text.libgcc.fixed
                0x00000000        0x0 c:/program files (x86)/atmel/studio/7.0/toolchain/avr8/avr8-gnu-toolchain/bin/../lib/gcc/avr/5.4.0/avr5\libgcc.a(_clear_bss.o)
 .text          0x00000000        0x0 c:/program files (x86)/atmel/studio/7.0/toolchain/avr8/avr8-gnu-toolchain/bin/../lib/gcc/avr/5.4.0/avr5\libgcc.a(_ashrdi3.o)
 .data          0x00000000        0x0 c:/program files (x86)/atmel/studio/7.0/toolchain/avr8/avr8-gnu-toolchain/bin/../lib/gcc/avr/5.4.0/avr5\libgcc.a(_ashrdi3.o)
 .bss           0x00000000        0x0 c:/program files (x86)/atmel/studio/7.0/toolchain/avr8/avr8-gnu-toolchain/bin/../lib/gcc/avr/5.4.0/avr5\libgcc.a(_ashrdi3.o)
 .text.libgcc.mul
                0x00000000        0x0 c:/program files (x86)/atmel/studio/7.0/toolchain/avr8/avr8-gnu-toolchain/bin/../lib/gcc/avr/5.4.0/avr5\libgcc.a(_ashrdi3.o)
 .text.libgcc.div
                0x00000000        0x0 c:/program files (x86)/atmel/studio/7.0/toolchain/avr8/avr8-gnu-toolchain/bin/../lib/gcc/avr/5.4.0/avr5\libgcc.a(_ashrdi3.o)
 .text.libgcc   0x00000000        0x0 c:/program files (x86)/atmel/studio/7.0/toolchain/avr8/avr8-gnu-toolchain/bin/../lib/gcc/avr/5.4.0/avr5\libgcc.a(_ashrdi3.o)
 .text.libgcc.prologue
                0x00000000        0x0 c:/program files (x86)/atmel/studio/7.0/toolchain/avr8/avr8-gnu-toolchain/bin/../lib/gcc/avr/5.4.0/avr5\libgcc.a(_ashrdi3.o)
 .text.libgcc.fmul
                0x00000000        0x0 c:/program files (x86)/atmel/studio/7.0/toolchain/avr8/avr8-gnu-toolchain/bin/../lib/gcc/avr/5.4.0/avr5\libgcc.a(_ashrdi3.o)
 .text.libgcc.fixed
                0x00000000        0x0 c:/program files (x86)/atmel/studio/7.0/toolchain/avr8/avr8-gnu-toolchain/bin/../lib/gcc/avr/5.4.0/avr5\libgcc.a(_ashrdi3.o)
 .text          0x00000000        0x0 c:/program files (x86)/atmel/studio/7.0/toolchain/avr8/avr8-gnu-toolchain/bin/../lib/gcc/avr/5.4.0/avr5\libgcc.a(_adddi3_s8.o)
 .data          0x00000000        0x0 c:/program files (x86)/atmel/studio/7.0/toolchain/avr8/avr8-gnu-toolchain/bin/../lib/gcc/avr/5.4.0/avr5\libgcc.a(_adddi3_s8.o)
 .bss           0x00000000        0x0 c:/program files (x86)/atmel/studio/7.0/toolchain/avr8/avr8-gnu-toolchain/bin/../lib/gcc/avr/5.4.0/avr5\libgcc.a(_adddi3_s8.o)
 .text.libgcc.mul
                0x00000000        0x0 c:/program files (x86)/atmel/studio/7.0/toolchain/avr8/avr8-gnu-toolchain/bin/../lib/gcc/avr/5.4.0/avr5\libgcc.a(_adddi3_s8.o)
 .text.libgcc.div
                0x00000000        0x0 c:/program files (x86)/atmel/studio/7.0/toolchain/avr8/avr8-gnu-toolchain/bin/../lib/gcc/avr/5.4.0/avr5\libgcc.a(_adddi3_s8.o)
 .text.libgcc.prologue
                0x00000000        0x0 c:/program files (x86)/atmel/studio/7.0/toolchain/avr8/avr8-gnu-toolchain/bin/../lib/gcc/avr/5.4.0/avr5\libgcc.a(_adddi3_s8.o)
 .text.libgcc.builtins
                0x00000000        0x0 c:/program files (x86)/atmel/studio/7.0/toolchain/avr8/avr8-gnu-toolchain/bin/../lib/gcc/avr/5.4.0/avr5\libgcc.a(_adddi3_s8.o)
 .text.libgcc.fmul
                0x00000000        0x0 c:/program files (x86)/atmel/studio/7.0/toolchain/avr8/avr8-gnu-toolchain/bin/../lib/gcc/avr/5.4.0/avr5\libgcc.a(_adddi3_s8.o)
 .text.libgcc.fixed
                0x00000000        0x0 c:/program files (x86)/atmel/studio/7.0/toolchain/avr8/avr8-gnu-toolchain/bin/../lib/gcc/avr/5.4.0/avr5\libgcc.a(_adddi3_s8.o)
 .text          0x00000000        0x0 c:/program files (x86)/atmel/studio/7.0/toolchain/avr8/avr8-gnu-toolchain/bin/../lib/gcc/avr/5.4.0/../../../../avr/lib/avr5\libc.a(atoi.o)
 .data          0x00000000        0x0 c:/program files (x86)/atmel/studio/7.0/toolchain/avr8/avr8-gnu-toolchain/bin/../lib/gcc/avr/5.4.0/../../../../avr/lib/avr5\libc.a(atoi.o)
 .bss           0x00000000        0x0 c:/program files (x86)/atmel/studio/7.0/toolchain/avr8/avr8-gnu-toolchain/bin/../lib/gcc/avr/5.4.0/../../../../avr/lib/avr5\libc.a(atoi.o)
 .text          0x00000000        0x0 c:/program files (x86)/atmel/studio/7.0/toolchain/avr8/avr8-gnu-toolchain/bin/../lib/gcc/avr/5.4.0/../../../../avr/lib/avr5\libc.a(itoa.o)
 .data          0x00000000        0x0 c:/program files (x86)/atmel/studio/7.0/toolchain/avr8/avr8-gnu-toolchain/bin/../lib/gcc/avr/5.4.0/../../../../avr/lib/avr5\libc.a(itoa.o)
 .bss           0x00000000        0x0 c:/program files (x86)/atmel/studio/7.0/toolchain/avr8/avr8-gnu-toolchain/bin/../lib/gcc/avr/5.4.0/../../../../avr/lib/avr5\libc.a(itoa.o)
 .text          0x00000000        0x0 c:/program files (x86)/atmel/studio/7.0/toolchain/avr8/avr8-gnu-toolchain/bin/../lib/gcc/avr/5.4.0/../../../../avr/lib/avr5\libc.a(itoa_ncheck.o)
 .data          0x00000000        0x0 c:/program files (x86)/atmel/studio/7.0/toolchain/avr8/avr8-gnu-toolchain/bin/../lib/gcc/avr/5.4.0/../../../../avr/lib/avr5\libc.a(itoa_ncheck.o)
 .bss           0x00000000        0x0 c:/program files (x86)/atmel/studio/7.0/toolchain/avr8/avr8-gnu-toolchain/bin/../lib/gcc/avr/5.4.0/../../../../avr/lib/avr5\libc.a(itoa_ncheck.o)
 .text          0x00000000        0x0 c:/program files (x86)/atmel/studio/7.0/toolchain/avr8/avr8-gnu-toolchain/bin/../lib/gcc/avr/5.4.0/../../../../avr/lib/avr5\libc.a(mul10.o)
 .data          0x00000000        0x0 c:/program files (x86)/atmel/studio/7.0/toolchain/avr8/avr8-gnu-toolchain/bin/../lib/gcc/avr/5.4.0/../../../../avr/lib/avr5\libc.a(mul10.o)
 .bss           0x00000000        0x0 c:/program files (x86)/atmel/studio/7.0/toolchain/avr8/avr8-gnu-toolchain/bin/../lib/gcc/avr/5.4.0/../../../../avr/lib/avr5\libc.a(mul10.o)
 .text          0x00000000        0x0 c:/program files (x86)/atmel/studio/7.0/toolchain/avr8/avr8-gnu-toolchain/bin/../lib/gcc/avr/5.4.0/../../../../avr/lib/avr5\libc.a(utoa_ncheck.o)
 .data          0x00000000        0x0 c:/program files (x86)/atmel/studio/7.0/toolchain/avr8/avr8-gnu-toolchain/bin/../lib/gcc/avr/5.4.0/../../../../avr/lib/avr5\libc.a(utoa_ncheck.o)
 .bss           0x00000000        0x0 c:/program files (x86)/atmel/studio/7.0/toolchain/avr8/avr8-gnu-toolchain/bin/../lib/gcc/avr/5.4.0/../../../../avr/lib/avr5\libc.a(utoa_ncheck.o)
 .text          0x00000000        0x0 c:/program files (x86)/atmel/studio/7.0/toolchain/avr8/avr8-gnu-toolchain/bin/../lib/gcc/avr/5.4.0/../../../../avr/lib/avr5\libc.a(strrev.o)
 .data          0x00000000        0x0 c:/program files (x86)/atmel/studio/7.0/toolchain/avr8/avr8-gnu-toolchain/bin/../lib/gcc/avr/5.4.0/../../../../avr/lib/avr5\libc.a(strrev.o)
 .bss           0x00000000        0x0 c:/program files (x86)/atmel/studio/7.0/toolchain/avr8/avr8-gnu-toolchain/bin/../lib/gcc/avr/5.4.0/../../../../avr/lib/avr5\libc.a(strrev.o)

Memory Configuration

Name             Origin             Length             Attributes
text             0x00000000         0x00008000         xr
data             0x00800060         0x00000800         rw !x
eeprom           0x00810000         0x00000400         rw !x
fuse             0x00820000         0x00000002         rw !x
lock             0x00830000         0x00000400         rw !x
signature        0x00840000         0x00000400         rw !x
user_signatures  0x00850000         0x00000400         rw !x
*default*        0x00000000         0xffffffff

Linker script and memory map

LOAD C:/Program Files (x86)/Atmel/Studio/7.0/Packs/atmel/ATmega_DFP/1.6.364/gcc/dev/atmega32a/avr5/crtatmega32a.o
LOAD APP/APP.o
LOAD HAL/Atmega32a KeyPad/KedPad.o
LOAD HAL/Atmega32a KeyPad/KeyPad_Pins.o
LOAD HAL/Atmega32a lcd/Lcd-Driver.o
LOAD HAL/Atmega32a lcd/LCD_Pins.o
LOAD HAL/EEPROM/EEPROM.o
LOAD HAL/LED_BUTTONS/But_LED.o
LOAD main.o
LOAD MCAL/External_CAN/MCP2515.o
LOAD MCAL/EXTI/HAL_EXIT.o
LOAD MCAL/HAL_GPIO/HAL_GPIO.o
LOAD MCAL/HAL_I2C/HAL_I2C.o
LOAD MCAL/HAL_SPI/HAL_SPI.o
LOAD MCAL/UART/HAL_Uart.o
START GROUP
LOAD c:/program files (x86)/atmel/studio/7.0/toolchain/avr8/avr8-gnu-toolchain/bin/../lib/gcc/avr/5.4.0/../../../../avr/lib/avr5\libm.a
END GROUP
START GROUP
LOAD c:/program files (x86)/atmel/studio/7.0/toolchain/avr8/avr8-gnu-toolchain/bin/../lib/gcc/avr/5.4.0/avr5\libgcc.a
LOAD c:/program files (x86)/atmel/studio/7.0/toolchain/avr8/avr8-gnu-toolchain/bin/../lib/gcc/avr/5.4.0/../../../../avr/lib/avr5\libm.a
LOAD c:/program files (x86)/atmel/studio/7.0/toolchain/avr8/avr8-gnu-toolchain/bin/../lib/gcc/avr/5.4.0/../../../../avr/lib/avr5\libc.a
LOAD C:/Program Files (x86)/Atmel/Studio/7.0/Packs/atmel/ATmega_DFP/1.6.364/gcc/dev/atmega32a/avr5\libatmega32a.a
END GROUP
                [0x00000000]                __TEXT_REGION_ORIGIN__ = DEFINED (__TEXT_REGION_ORIGIN__)?__TEXT_REGION_ORIGIN__:0x0
                [0x00800060]                __DATA_REGION_ORIGIN__ = DEFINED (__DATA_REGION_ORIGIN__)?__DATA_REGION_ORIGIN__:0x800060
                [0x00008000]                __TEXT_REGION_LENGTH__ = DEFINED (__TEXT_REGION_LENGTH__)?__TEXT_REGION_LENGTH__:0x20000
                [0x00000800]                __DATA_REGION_LENGTH__ = DEFINED (__DATA_REGION_LENGTH__)?__DATA_REGION_LENGTH__:0xffa0
                [0x00000400]                __EEPROM_REGION_LENGTH__ = DEFINED (__EEPROM_REGION_LENGTH__)?__EEPROM_REGION_LENGTH__:0x10000
                [0x00000002]                __FUSE_REGION_LENGTH__ = DEFINED (__FUSE_REGION_LENGTH__)?__FUSE_REGION_LENGTH__:0x400
                0x00000400                __LOCK_REGION_LENGTH__ = DEFINED (__LOCK_REGION_LENGTH__)?__LOCK_REGION_LENGTH__:0x400
                0x00000400                __SIGNATURE_REGION_LENGTH__ = DEFINED (__SIGNATURE_REGION_LENGTH__)?__SIGNATURE_REGION_LENGTH__:0x400
                0x00000400                __USER_SIGNATURE_REGION_LENGTH__ = DEFINED (__USER_SIGNATURE_REGION_LENGTH__)?__USER_SIGNATURE_REGION_LENGTH__:0x400

.hash
 *(.hash)

.dynsym
 *(.dynsym)

.dynstr
 *(.dynstr)

.gnu.version
 *(.gnu.version)

.gnu.version_d
 *(.gnu.version_d)

.gnu.version_r
 *(.gnu.version_r)

.rel.init
 *(.rel.init)

.rela.init
 *(.rela.init)

.rel.text
 *(.rel.text)
 *(.rel.text.*)
 *(.rel.gnu.linkonce.t*)

.rela.text
 *(.rela.text)
 *(.rela.text.*)
 *(.rela.gnu.linkonce.t*)

.rel.fini
 *(.rel.fini)

.rela.fini
 *(.rela.fini)

.rel.rodata
 *(.rel.rodata)
 *(.rel.rodata.*)
 *(.rel.gnu.linkonce.r*)

.rela.rodata
 *(.rela.rodata)
 *(.rela.rodata.*)
 *(.rela.gnu.linkonce.r*)

.rel.data
 *(.rel.data)
 *(.rel.data.*)
 *(.rel.gnu.linkonce.d*)

.rela.data
 *(.rela.data)
 *(.rela.data.*)
 *(.rela.gnu.linkonce.d*)

.rel.ctors
 *(.rel.ctors)

.rela.ctors
 *(.rela.ctors)

.rel.dtors
 *(.rel.dtors)

.rela.dtors
 *(.rela.dtors)

.rel.got
 *(.rel.got)

.rela.got
 *(.rela.got)

.rel.bss
 *(.rel.bss)

.rela.bss
 *(.rela.bss)

.rel.plt
 *(.rel.plt)

.rela.plt
 *(.rela.plt)

.text           0x00000000      0xfe2
 *(.vectors)
 .vectors       0x00000000       0x54 C:/Program Files (x86)/Atmel/Studio/7.0/Packs/atmel/ATmega_DFP/1.6.364/gcc/dev/atmega32a/avr5/crtatmega32a.o
                0x00000000                __vector_default
                0x00000000                __vectors
 *(.vectors)
 *(.progmem.gcc*)
 .progmem.gcc_sw_table.APP_UPdate
                0x00000054       0x10 APP/APP.o
                0x00000064                . = ALIGN (0x2)
                0x00000064                __trampolines_start = .
 *(.trampolines)
 .trampolines   0x00000064        0x0 linker stubs
 *(.trampolines*)
                0x00000064                __trampolines_end = .
 *libprintf_flt.a:*(.progmem.data)
 *libc.a:*(.progmem.data)
 *(.progmem*)
                0x00000064                . = ALIGN (0x2)
 *(.jumptables)
 *(.jumptables*)
 *(.lowtext)
 *(.lowtext*)
                0x00000064                __ctors_start = .
 *(.ctors)
                0x00000064                __ctors_end = .
                0x00000064                __dtors_start = .
 *(.dtors)
                0x00000064                __dtors_end = .
 SORT(*)(.ctors)
 SORT(*)(.dtors)
 *(.init0)
 .init0         0x00000064        0x0 C:/Program Files (x86)/Atmel/Studio/7.0/Packs/atmel/ATmega_DFP/1.6.364/gcc/dev/atmega32a/avr5/crtatmega32a.o
                0x00000064                __init
 *(.init0)
 *(.init1)
 *(.init1)
 *(.init2)
 .init2         0x00000064        0xc C:/Program Files (x86)/Atmel/Studio/7.0/Packs/atmel/ATmega_DFP/1.6.364/gcc/dev/atmega32a/avr5/crtatmega32a.o
 *(.init2)
 *(.init3)
 *(.init3)
 *(.init4)
 .init4         0x00000070       0x16 c:/program files (x86)/atmel/studio/7.0/toolchain/avr8/avr8-gnu-toolchain/bin/../lib/gcc/avr/5.4.0/avr5\libgcc.a(_copy_data.o)
                0x00000070                __do_copy_data
 .init4         0x00000086       0x10 c:/program files (x86)/atmel/studio/7.0/toolchain/avr8/avr8-gnu-toolchain/bin/../lib/gcc/avr/5.4.0/avr5\libgcc.a(_clear_bss.o)
                0x00000086                __do_clear_bss
 *(.init4)
 *(.init5)
 *(.init5)
 *(.init6)
 *(.init6)
 *(.init7)
 *(.init7)
 *(.init8)
 *(.init8)
 *(.init9)
 .init9         0x00000096        0x8 C:/Program Files (x86)/Atmel/Studio/7.0/Packs/atmel/ATmega_DFP/1.6.364/gcc/dev/atmega32a/avr5/crtatmega32a.o
 *(.init9)
 *(.text)
 .text          0x0000009e        0x4 C:/Program Files (x86)/Atmel/Studio/7.0/Packs/atmel/ATmega_DFP/1.6.364/gcc/dev/atmega32a/avr5/crtatmega32a.o
                0x0000009e                __vector_12
                0x0000009e                __bad_interrupt
                0x0000009e                __vector_6
                0x0000009e                __vector_11
                0x0000009e                __vector_13
                0x0000009e                __vector_17
                0x0000009e                __vector_19
                0x0000009e                __vector_7
                0x0000009e                __vector_5
                0x0000009e                __vector_4
                0x0000009e                __vector_9
                0x0000009e                __vector_15
                0x0000009e                __vector_8
                0x0000009e                __vector_14
                0x0000009e                __vector_10
                0x0000009e                __vector_16
                0x0000009e                __vector_18
                0x0000009e                __vector_20
                0x000000a2                . = ALIGN (0x2)
 *(.text.*)
 .text.Uart_Transmit_Only
                0x000000a2       0x38 APP/APP.o
 .text.Uart_ECHO_Only
                0x000000da       0x48 APP/APP.o
 .text.SPI_Transmit_Only
                0x00000122       0x38 APP/APP.o
 .text.I2C_Transmit_Only
                0x0000015a       0x50 APP/APP.o
 .text.ALL_Transmit_Only
                0x000001aa       0x70 APP/APP.o
 .text.EEPROM_Read_Only
                0x0000021a       0x4e APP/APP.o
 .text.EEPROM_Write_Only
                0x00000268       0x58 APP/APP.o
 .text.APP_Init
                0x000002c0       0x2c APP/APP.o
                0x000002c0                APP_Init
 .text.APP_UPdate
                0x000002ec       0xae APP/APP.o
                0x000002ec                APP_UPdate
 .text.KeyPad_Initialization
                0x0000039a       0x92 HAL/Atmega32a KeyPad/KedPad.o
                0x0000039a                KeyPad_Initialization
 .text.KeyPad_GetPressedKey
                0x0000042c       0xc8 HAL/Atmega32a KeyPad/KedPad.o
                0x0000042c                KeyPad_GetPressedKey
 .text.LCD_Triger_Enable
                0x000004f4       0x3a HAL/Atmega32a lcd/Lcd-Driver.o
 .text.LCD_Send_4BitData
                0x0000052e       0xb8 HAL/Atmega32a lcd/Lcd-Driver.o
 .text.LCD_Send_Character_CurrLoc
                0x000005e6       0x34 HAL/Atmega32a lcd/Lcd-Driver.o
                0x000005e6                LCD_Send_Character_CurrLoc
 .text.LCD_Send_Command
                0x0000061a       0x34 HAL/Atmega32a lcd/Lcd-Driver.o
                0x0000061a                LCD_Send_Command
 .text.LCD_Goto_Location
                0x0000064e       0x16 HAL/Atmega32a lcd/Lcd-Driver.o
                0x0000064e                LCD_Goto_Location
 .text.LCD_Send_Character_WithLoc
                0x00000664       0x38 HAL/Atmega32a lcd/Lcd-Driver.o
                0x00000664                LCD_Send_Character_WithLoc
 .text.LCD_Initializaion
                0x0000069c       0x88 HAL/Atmega32a lcd/Lcd-Driver.o
                0x0000069c                LCD_Initializaion
 .text.LCD_Send_String_WithLoc
                0x00000724       0x1e HAL/Atmega32a lcd/Lcd-Driver.o
                0x00000724                LCD_Send_String_WithLoc
 .text.LCD_Send_Integer_WithLoc
                0x00000742       0x92 HAL/Atmega32a lcd/Lcd-Driver.o
                0x00000742                LCD_Send_Integer_WithLoc
 .text.EEPROM_Init
                0x000007d4        0xc HAL/EEPROM/EEPROM.o
                0x000007d4                EEPROM_Init
 .text.EEPROM_ReadByteS
                0x000007e0       0x4a HAL/EEPROM/EEPROM.o
                0x000007e0                EEPROM_ReadByteS
 .text.EEPROM_WriteByteS
                0x0000082a       0x4a HAL/EEPROM/EEPROM.o
                0x0000082a                EEPROM_WriteByteS
 .text.EEPROM_Reset
                0x00000874       0x60 HAL/EEPROM/EEPROM.o
                0x00000874                EEPROM_Reset
 .text.main     0x000008d4        0xa main.o
                0x000008d4                main
 .text.EXTI_Init
                0x000008de       0x68 MCAL/EXTI/HAL_EXIT.o
                0x000008de                EXTI_Init
 .text.__vector_1
                0x00000946       0x4e MCAL/EXTI/HAL_EXIT.o
                0x00000946                __vector_1
 .text.__vector_2
                0x00000994       0x4e MCAL/EXTI/HAL_EXIT.o
                0x00000994                __vector_2
 .text.__vector_3
                0x000009e2       0x4e MCAL/EXTI/HAL_EXIT.o
                0x000009e2                __vector_3
 .text.HAL_GPIO_INIT_PIN
                0x00000a30       0x26 MCAL/HAL_GPIO/HAL_GPIO.o
                0x00000a30                HAL_GPIO_INIT_PIN
 .text.HAL_GPIO_READPIN
                0x00000a56       0x10 MCAL/HAL_GPIO/HAL_GPIO.o
                0x00000a56                HAL_GPIO_READPIN
 .text.HAL_GPIO_WRITEPIN
                0x00000a66       0x1a MCAL/HAL_GPIO/HAL_GPIO.o
                0x00000a66                HAL_GPIO_WRITEPIN
 .text.I2C_Init
                0x00000a80       0x82 MCAL/HAL_I2C/HAL_I2C.o
                0x00000a80                I2C_Init
 .text.HAL_I2C_Mem_Write
                0x00000b02       0x76 MCAL/HAL_I2C/HAL_I2C.o
                0x00000b02                HAL_I2C_Mem_Write
 .text.HAL_I2C_Mem_Read
                0x00000b78       0xa8 MCAL/HAL_I2C/HAL_I2C.o
                0x00000b78                HAL_I2C_Mem_Read
 .text.HAL_SPI_Init
                0x00000c20       0xc4 MCAL/HAL_SPI/HAL_SPI.o
                0x00000c20                HAL_SPI_Init
 .text.HAL_SPI_Transmit
                0x00000ce4       0x5e MCAL/HAL_SPI/HAL_SPI.o
                0x00000ce4                HAL_SPI_Transmit
 .text.HAL_UART_Init
                0x00000d42       0x72 MCAL/UART/HAL_Uart.o
                0x00000d42                HAL_UART_Init
 .text.HAL_UART_TRANSMIT
                0x00000db4       0x42 MCAL/UART/HAL_Uart.o
                0x00000db4                HAL_UART_TRANSMIT
 .text.HAL_UART_RECEIVE
                0x00000df6       0x78 MCAL/UART/HAL_Uart.o
                0x00000df6                HAL_UART_RECEIVE
 .text.libgcc.div
                0x00000e6e       0x44 c:/program files (x86)/atmel/studio/7.0/toolchain/avr8/avr8-gnu-toolchain/bin/../lib/gcc/avr/5.4.0/avr5\libgcc.a(_udivmodsi4.o)
                0x00000e6e                __udivmodsi4
 .text.libgcc   0x00000eb2        0xc c:/program files (x86)/atmel/studio/7.0/toolchain/avr8/avr8-gnu-toolchain/bin/../lib/gcc/avr/5.4.0/avr5\libgcc.a(_tablejump2.o)
                0x00000eb2                __tablejump2__
 .text.libgcc.builtins
                0x00000ebe       0x3c c:/program files (x86)/atmel/studio/7.0/toolchain/avr8/avr8-gnu-toolchain/bin/../lib/gcc/avr/5.4.0/avr5\libgcc.a(_ashrdi3.o)
                0x00000ebe                __ashrdi3
                0x00000ec2                __lshrdi3
 .text.libgcc   0x00000efa       0x18 c:/program files (x86)/atmel/studio/7.0/toolchain/avr8/avr8-gnu-toolchain/bin/../lib/gcc/avr/5.4.0/avr5\libgcc.a(_adddi3_s8.o)
                0x00000efa                __adddi3_s8
 .text.avr-libc
                0x00000f12       0x3c c:/program files (x86)/atmel/studio/7.0/toolchain/avr8/avr8-gnu-toolchain/bin/../lib/gcc/avr/5.4.0/../../../../avr/lib/avr5\libc.a(atoi.o)
                0x00000f12                atoi
 .text.avr-libc
                0x00000f4e       0x16 c:/program files (x86)/atmel/studio/7.0/toolchain/avr8/avr8-gnu-toolchain/bin/../lib/gcc/avr/5.4.0/../../../../avr/lib/avr5\libc.a(itoa.o)
                0x00000f4e                __itoa
                0x00000f4e                itoa
 .text.avr-libc
                0x00000f64       0x16 c:/program files (x86)/atmel/studio/7.0/toolchain/avr8/avr8-gnu-toolchain/bin/../lib/gcc/avr/5.4.0/../../../../avr/lib/avr5\libc.a(itoa_ncheck.o)
                0x00000f64                __itoa_ncheck
 .text.avr-libc
                0x00000f7a       0x10 c:/program files (x86)/atmel/studio/7.0/toolchain/avr8/avr8-gnu-toolchain/bin/../lib/gcc/avr/5.4.0/../../../../avr/lib/avr5\libc.a(mul10.o)
                0x00000f7a                __mulhi_const_10
 .text.avr-libc
                0x00000f8a       0x34 c:/program files (x86)/atmel/studio/7.0/toolchain/avr8/avr8-gnu-toolchain/bin/../lib/gcc/avr/5.4.0/../../../../avr/lib/avr5\libc.a(utoa_ncheck.o)
                0x00000f8a                __utoa_ncheck
                0x00000f8c                __utoa_common
 .text.avr-libc
                0x00000fbe       0x20 c:/program files (x86)/atmel/studio/7.0/toolchain/avr8/avr8-gnu-toolchain/bin/../lib/gcc/avr/5.4.0/../../../../avr/lib/avr5\libc.a(strrev.o)
                0x00000fbe                strrev
                0x00000fde                . = ALIGN (0x2)
 *(.fini9)
 .fini9         0x00000fde        0x0 c:/program files (x86)/atmel/studio/7.0/toolchain/avr8/avr8-gnu-toolchain/bin/../lib/gcc/avr/5.4.0/avr5\libgcc.a(_exit.o)
                0x00000fde                _exit
                0x00000fde                exit
 *(.fini9)
 *(.fini8)
 *(.fini8)
 *(.fini7)
 *(.fini7)
 *(.fini6)
 *(.fini6)
 *(.fini5)
 *(.fini5)
 *(.fini4)
 *(.fini4)
 *(.fini3)
 *(.fini3)
 *(.fini2)
 *(.fini2)
 *(.fini1)
 *(.fini1)
 *(.fini0)
 .fini0         0x00000fde        0x4 c:/program files (x86)/atmel/studio/7.0/toolchain/avr8/avr8-gnu-toolchain/bin/../lib/gcc/avr/5.4.0/avr5\libgcc.a(_exit.o)
 *(.fini0)
                0x00000fe2                _etext = .

.data           0x00800060       0x90 load address 0x00000fe2
                0x00800060                PROVIDE (__data_start, .)
 *(.data)
 *(.data*)
 .data.UART_Handler
                0x00800060       0x11 APP/APP.o
                0x00800060                UART_Handler
 .data.SPI_Handler
                0x00800071        0xe APP/APP.o
                0x00800071                SPI_Handler
 .data.I2C_Handler
                0x0080007f        0x9 APP/APP.o
                0x0080007f                I2C_Handler
 .data.I2C_Buffer
                0x00800088        0xf APP/APP.o
                0x00800088                I2C_Buffer
 .data.SPI_TXBuffer
                0x00800097        0xf APP/APP.o
                0x00800097                SPI_TXBuffer
 .data.UART_TXBuffer
                0x008000a6        0xf APP/APP.o
                0x008000a6                UART_TXBuffer
 .data.KeyPad   0x008000b5       0x12 HAL/Atmega32a KeyPad/KeyPad_Pins.o
                0x008000b5                KeyPad
 .data.arr_KeyPad_char
                0x008000c7        0x9 HAL/Atmega32a KeyPad/KeyPad_Pins.o
                0x008000c7                arr_KeyPad_char
 .data.LcdBitSelect
                0x008000d0       0x15 HAL/Atmega32a lcd/LCD_Pins.o
                0x008000d0                LcdBitSelect
 .data.EEPROM_I2C_Handler
                0x008000e5        0x9 HAL/EEPROM/EEPROM.o
 *(.gnu.linkonce.d*)
 *(.rodata)
 *(.rodata*)
 .rodata.column_position
                0x008000ee        0x2 HAL/Atmega32a lcd/Lcd-Driver.o
 *(.gnu.linkonce.r*)
                0x008000f0                . = ALIGN (0x2)
                0x008000f0                _edata = .
                0x008000f0                PROVIDE (__data_end, .)

.bss            0x008000f0       0x2c
                0x008000f0                PROVIDE (__bss_start, .)
 *(.bss)
 *(.bss*)
 .bss.EXIT_Handler
                0x008000f0        0x2 APP/APP.o
                0x008000f0                EXIT_Handler
 .bss.KeyPad_gpio
                0x008000f2        0x3 HAL/Atmega32a KeyPad/KedPad.o
 *(COMMON)
 COMMON         0x008000f5       0x21 APP/APP.o
                0x008000f5                SPI_RXBuffer
                0x00800104                UART_RXBuffer
                0x00800113                ControlFlag
                0x00800114                KeypadKey
 COMMON         0x00800116        0x6 MCAL/EXTI/HAL_EXIT.o
                0x00800116                ptr_INT0
                0x00800118                ptr_INT2
                0x0080011a                ptr_INT1
                0x0080011c                PROVIDE (__bss_end, .)
                0x00000fe2                __data_load_start = LOADADDR (.data)
                0x00001072                __data_load_end = (__data_load_start + SIZEOF (.data))

.noinit         0x0080011c        0x0
                [!provide]                PROVIDE (__noinit_start, .)
 *(.noinit*)
                [!provide]                PROVIDE (__noinit_end, .)
                0x0080011c                _end = .
                [!provide]                PROVIDE (__heap_start, .)

.eeprom         0x00810000        0x0
 *(.eeprom*)
                0x00810000                __eeprom_end = .

.fuse
 *(.fuse)
 *(.lfuse)
 *(.hfuse)
 *(.efuse)

.lock
 *(.lock*)

.signature
 *(.signature*)

.user_signatures
 *(.user_signatures*)

.stab
 *(.stab)

.stabstr
 *(.stabstr)

.stab.excl
 *(.stab.excl)

.stab.exclstr
 *(.stab.exclstr)

.stab.index
 *(.stab.index)

.stab.indexstr
 *(.stab.indexstr)

.comment        0x00000000       0x30
 *(.comment)
 .comment       0x00000000       0x30 APP/APP.o
                                 0x31 (size before relaxing)
 .comment       0x00000030       0x31 HAL/Atmega32a KeyPad/KedPad.o
 .comment       0x00000030       0x31 HAL/Atmega32a KeyPad/KeyPad_Pins.o
 .comment       0x00000030       0x31 HAL/Atmega32a lcd/Lcd-Driver.o
 .comment       0x00000030       0x31 HAL/Atmega32a lcd/LCD_Pins.o
 .comment       0x00000030       0x31 HAL/EEPROM/EEPROM.o
 .comment       0x00000030       0x31 main.o
 .comment       0x00000030       0x31 MCAL/EXTI/HAL_EXIT.o
 .comment       0x00000030       0x31 MCAL/HAL_GPIO/HAL_GPIO.o
 .comment       0x00000030       0x31 MCAL/HAL_I2C/HAL_I2C.o
 .comment       0x00000030       0x31 MCAL/HAL_SPI/HAL_SPI.o
 .comment       0x00000030       0x31 MCAL/UART/HAL_Uart.o

.note.gnu.avr.deviceinfo
                0x00000000       0x3c
 .note.gnu.avr.deviceinfo
                0x00000000       0x3c C:/Program Files (x86)/Atmel/Studio/7.0/Packs/atmel/ATmega_DFP/1.6.364/gcc/dev/atmega32a/avr5/crtatmega32a.o

.note.gnu.build-id
 *(.note.gnu.build-id)

.debug
 *(.debug)

.line
 *(.line)

.debug_srcinfo
 *(.debug_srcinfo)

.debug_sfnames
 *(.debug_sfnames)

.debug_aranges  0x00000000      0x340
 *(.debug_aranges)
 .debug_aranges
                0x00000000       0x60 APP/APP.o
 .debug_aranges
                0x00000060       0x28 HAL/Atmega32a KeyPad/KedPad.o
 .debug_aranges
                0x00000088       0x18 HAL/Atmega32a KeyPad/KeyPad_Pins.o
 .debug_aranges
                0x000000a0       0x78 HAL/Atmega32a lcd/Lcd-Driver.o
 .debug_aranges
                0x00000118       0x18 HAL/Atmega32a lcd/LCD_Pins.o
 .debug_aranges
                0x00000130       0x48 HAL/EEPROM/EEPROM.o
 .debug_aranges
                0x00000178       0x20 main.o
 .debug_aranges
                0x00000198       0x60 MCAL/EXTI/HAL_EXIT.o
 .debug_aranges
                0x000001f8       0x60 MCAL/HAL_GPIO/HAL_GPIO.o
 .debug_aranges
                0x00000258       0x50 MCAL/HAL_I2C/HAL_I2C.o
 .debug_aranges
                0x000002a8       0x58 MCAL/HAL_SPI/HAL_SPI.o
 .debug_aranges
                0x00000300       0x40 MCAL/UART/HAL_Uart.o

.debug_pubnames
 *(.debug_pubnames)

.debug_info     0x00000000     0x3b45
 *(.debug_info .gnu.linkonce.wi.*)
 .debug_info    0x00000000      0x4e6 C:/Program Files (x86)/Atmel/Studio/7.0/Packs/atmel/ATmega_DFP/1.6.364/gcc/dev/atmega32a/avr5/crtatmega32a.o
 .debug_info    0x000004e6      0xd06 APP/APP.o
 .debug_info    0x000011ec      0x340 HAL/Atmega32a KeyPad/KedPad.o
 .debug_info    0x0000152c      0x161 HAL/Atmega32a KeyPad/KeyPad_Pins.o
 .debug_info    0x0000168d      0x9d2 HAL/Atmega32a lcd/Lcd-Driver.o
 .debug_info    0x0000205f      0x12b HAL/Atmega32a lcd/LCD_Pins.o
 .debug_info    0x0000218a      0x5e9 HAL/EEPROM/EEPROM.o
 .debug_info    0x00002773       0xb5 main.o
 .debug_info    0x00002828      0x28d MCAL/EXTI/HAL_EXIT.o
 .debug_info    0x00002ab5      0x32a MCAL/HAL_GPIO/HAL_GPIO.o
 .debug_info    0x00002ddf      0x427 MCAL/HAL_I2C/HAL_I2C.o
 .debug_info    0x00003206      0x5cf MCAL/HAL_SPI/HAL_SPI.o
 .debug_info    0x000037d5      0x370 MCAL/UART/HAL_Uart.o

.debug_abbrev   0x00000000     0x12d8
 *(.debug_abbrev)
 .debug_abbrev  0x00000000      0x4a3 C:/Program Files (x86)/Atmel/Studio/7.0/Packs/atmel/ATmega_DFP/1.6.364/gcc/dev/atmega32a/avr5/crtatmega32a.o
 .debug_abbrev  0x000004a3      0x1dc APP/APP.o
 .debug_abbrev  0x0000067f      0x16f HAL/Atmega32a KeyPad/KedPad.o
 .debug_abbrev  0x000007ee       0x8a HAL/Atmega32a KeyPad/KeyPad_Pins.o
 .debug_abbrev  0x00000878      0x2ce HAL/Atmega32a lcd/Lcd-Driver.o
 .debug_abbrev  0x00000b46       0x8a HAL/Atmega32a lcd/LCD_Pins.o
 .debug_abbrev  0x00000bd0      0x196 HAL/EEPROM/EEPROM.o
 .debug_abbrev  0x00000d66       0x68 main.o
 .debug_abbrev  0x00000dce       0xde MCAL/EXTI/HAL_EXIT.o
 .debug_abbrev  0x00000eac      0x100 MCAL/HAL_GPIO/HAL_GPIO.o
 .debug_abbrev  0x00000fac      0x112 MCAL/HAL_I2C/HAL_I2C.o
 .debug_abbrev  0x000010be      0x12d MCAL/HAL_SPI/HAL_SPI.o
 .debug_abbrev  0x000011eb       0xed MCAL/UART/HAL_Uart.o

.debug_line     0x00000000     0x1f43
 *(.debug_line .debug_line.* .debug_line_end)
 .debug_line    0x00000000      0x116 C:/Program Files (x86)/Atmel/Studio/7.0/Packs/atmel/ATmega_DFP/1.6.364/gcc/dev/atmega32a/avr5/crtatmega32a.o
 .debug_line    0x00000116      0x4cd APP/APP.o
 .debug_line    0x000005e3      0x1ea HAL/Atmega32a KeyPad/KedPad.o
 .debug_line    0x000007cd       0xd9 HAL/Atmega32a KeyPad/KeyPad_Pins.o
 .debug_line    0x000008a6      0x426 HAL/Atmega32a lcd/Lcd-Driver.o
 .debug_line    0x00000ccc       0xd2 HAL/Atmega32a lcd/LCD_Pins.o
 .debug_line    0x00000d9e      0x2c8 HAL/EEPROM/EEPROM.o
 .debug_line    0x00001066       0x59 main.o
 .debug_line    0x000010bf      0x1f6 MCAL/EXTI/HAL_EXIT.o
 .debug_line    0x000012b5      0x1f4 MCAL/HAL_GPIO/HAL_GPIO.o
 .debug_line    0x000014a9      0x421 MCAL/HAL_I2C/HAL_I2C.o
 .debug_line    0x000018ca      0x38c MCAL/HAL_SPI/HAL_SPI.o
 .debug_line    0x00001c56      0x2ed MCAL/UART/HAL_Uart.o

.debug_frame    0x00000000      0x844
 *(.debug_frame)
 .debug_frame   0x00000000       0xe4 APP/APP.o
 .debug_frame   0x000000e4       0x78 HAL/Atmega32a KeyPad/KedPad.o
 .debug_frame   0x0000015c      0x1e0 HAL/Atmega32a lcd/Lcd-Driver.o
 .debug_frame   0x0000033c       0xbc HAL/EEPROM/EEPROM.o
 .debug_frame   0x000003f8       0x24 main.o
 .debug_frame   0x0000041c      0x17c MCAL/EXTI/HAL_EXIT.o
 .debug_frame   0x00000598       0xa4 MCAL/HAL_GPIO/HAL_GPIO.o
 .debug_frame   0x0000063c       0xdc MCAL/HAL_I2C/HAL_I2C.o
 .debug_frame   0x00000718       0xc8 MCAL/HAL_SPI/HAL_SPI.o
 .debug_frame   0x000007e0       0x64 MCAL/UART/HAL_Uart.o

.debug_str      0x00000000     0x1053
 *(.debug_str)
 .debug_str     0x00000000      0x196 C:/Program Files (x86)/Atmel/Studio/7.0/Packs/atmel/ATmega_DFP/1.6.364/gcc/dev/atmega32a/avr5/crtatmega32a.o
 .debug_str     0x00000196      0x69c APP/APP.o
                                0x6f1 (size before relaxing)
 .debug_str     0x00000832       0xbe HAL/Atmega32a KeyPad/KedPad.o
                                0x30c (size before relaxing)
 .debug_str     0x000008f0       0x26 HAL/Atmega32a KeyPad/KeyPad_Pins.o
                                0x254 (size before relaxing)
 .debug_str     0x00000916      0x208 HAL/Atmega32a lcd/Lcd-Driver.o
                                0x4ea (size before relaxing)
 .debug_str     0x00000b1e       0x20 HAL/Atmega32a lcd/LCD_Pins.o
                                0x239 (size before relaxing)
 .debug_str     0x00000b3e       0xfb HAL/EEPROM/EEPROM.o
                                0x41c (size before relaxing)
 .debug_str     0x00000c39       0x11 main.o
                                0x1d5 (size before relaxing)
 .debug_str     0x00000c4a       0xc0 MCAL/EXTI/HAL_EXIT.o
                                0x33f (size before relaxing)
 .debug_str     0x00000d0a      0x113 MCAL/HAL_GPIO/HAL_GPIO.o
                                0x363 (size before relaxing)
 .debug_str     0x00000e1d       0xd9 MCAL/HAL_I2C/HAL_I2C.o
                                0x37f (size before relaxing)
 .debug_str     0x00000ef6       0xef MCAL/HAL_SPI/HAL_SPI.o
                                0x3f8 (size before relaxing)
 .debug_str     0x00000fe5       0x6e MCAL/UART/HAL_Uart.o
                                0x30d (size before relaxing)

.debug_loc      0x00000000     0x2259
 *(.debug_loc)
 .debug_loc     0x00000000      0x48c APP/APP.o
 .debug_loc     0x0000048c      0x1bb HAL/Atmega32a KeyPad/KedPad.o
 .debug_loc     0x00000647      0x971 HAL/Atmega32a lcd/Lcd-Driver.o
 .debug_loc     0x00000fb8      0x4cf HAL/EEPROM/EEPROM.o
 .debug_loc     0x00001487      0x2d9 MCAL/EXTI/HAL_EXIT.o
 .debug_loc     0x00001760      0x16b MCAL/HAL_GPIO/HAL_GPIO.o
 .debug_loc     0x000018cb      0x312 MCAL/HAL_I2C/HAL_I2C.o
 .debug_loc     0x00001bdd      0x3b6 MCAL/HAL_SPI/HAL_SPI.o
 .debug_loc     0x00001f93      0x2c6 MCAL/UART/HAL_Uart.o

.debug_macinfo
 *(.debug_macinfo)

.debug_weaknames
 *(.debug_weaknames)

.debug_funcnames
 *(.debug_funcnames)

.debug_typenames
 *(.debug_typenames)

.debug_varnames
 *(.debug_varnames)

.debug_pubtypes
 *(.debug_pubtypes)

.debug_ranges   0x00000000      0x270
 *(.debug_ranges)
 .debug_ranges  0x00000000       0x50 APP/APP.o
 .debug_ranges  0x00000050       0x18 HAL/Atmega32a KeyPad/KedPad.o
 .debug_ranges  0x00000068       0x68 HAL/Atmega32a lcd/Lcd-Driver.o
 .debug_ranges  0x000000d0       0x38 HAL/EEPROM/EEPROM.o
 .debug_ranges  0x00000108       0x10 main.o
 .debug_ranges  0x00000118       0x50 MCAL/EXTI/HAL_EXIT.o
 .debug_ranges  0x00000168       0x50 MCAL/HAL_GPIO/HAL_GPIO.o
 .debug_ranges  0x000001b8       0x40 MCAL/HAL_I2C/HAL_I2C.o
 .debug_ranges  0x000001f8       0x48 MCAL/HAL_SPI/HAL_SPI.o
 .debug_ranges  0x00000240       0x30 MCAL/UART/HAL_Uart.o

.debug_macro
 *(.debug_macro)
OUTPUT(ComminucationProtocols.elf elf32-avr)
LOAD linker stubs
